2026-07-27 04:03:42 : Starting performance optimization
2026-07-27 04:03:45 : Performance optimization completed
2026-07-27 04:05:49 : Starting performance optimization
2026-07-27 04:05:50 : Performance optimization completed
2026-07-27 13:45:15 : Starting performance optimization
2026-07-27 13:45:17 : Performance optimization completed
2026-07-27 13:45:20 : XFCE optimization completed
2026-07-27 15:27:20 : Starting performaRESETe optimization
2026-07-27 15:27:23 : PerformaRESETe optimization completed
2026-07-27 15:52:33 : Starting performance optimization
2026-07-27 15:52:36 : Performance optimization completed
2026-07-27 19:17:43 : Starting performance optimization
2026-07-27 19:17:50 : Performance optimization completed
2026-07-27 19:17:50 : XFCE optimization completed
2026-07-27 19:21:30 : Starting performance optimization
2026-07-27 19:21:32 : Performance optimization completed
2026-07-27 19:21:32 : XFCE optimization completed
2026-07-27 19:25:05 : Starting performance optimization
2026-07-27 19:25:07 : Performance optimization completed
2026-07-27 19:25:07 : XFCE optimization completed
2026-07-27 19:25:07 : Apple iMac Ultimate Pack installed
2026-07-27 20:06:11 : Starting performance optimization
2026-07-27 20:06:13 : Performance optimization completed
2026-07-27 20:06:13 : XFCE optimization completed
2026-07-27 20:06:13 : Apple iMac Ultimate Pack installed
2026-07-27 20:10:20 : Starting performance optimization
2026-07-27 20:10:22 : Performance optimization completed
2026-07-27 20:10:22 : XFCE optimization completed
2026-07-27 20:10:22 : Apple iMac Ultimate Pack installed
2026-07-27 20:24:11 : Starting performance optimization
2026-07-27 20:24:17 : Performance optimization completed
2026-07-27 20:24:17 : XFCE optimization completed
2026-07-27 20:24:41 : Configuration file created
2026-07-27 20:24:41 : Apple iMac Ultimate Pack installed
2026-07-27 20:37:00 : Disabled cups.service
2026-07-27 20:37:02 : Disabled cups-browsed.service
2026-07-27 20:41:06 : Disabled cups.service
2026-07-27 20:41:08 : Disabled cups-browsed.service
2026-07-27 20:56:21 : Starting performance optimization
2026-07-27 20:56:24 : Performance optimization completed
2026-07-27 20:56:24 : XFCE optimization completed
2026-07-27 20:57:03 : Configuration file created
2026-07-27 20:57:06 : Disabled cups.service
2026-07-27 20:57:08 : Disabled cups-browsed.service
2026-07-27 20:57:08 : Apple iMac Ultimate Pack installed
2026-07-27 21:00:20 : Starting performance optimization
2026-07-27 21:00:23 : Performance optimization completed
2026-07-27 21:00:23 : XFCE optimization completed
2026-07-27 21:00:35 : Configuration file created
2026-07-27 21:00:37 : Disabled cups.service
2026-07-27 21:00:39 : Disabled cups-browsed.service
2026-07-27 21:00:39 : Apple iMac Ultimate Pack installed
2026-07-27 21:01:22 : Starting performance optimization
2026-07-27 21:01:24 : Performance optimization completed
2026-07-27 21:01:24 : XFCE optimization completed
2026-07-27 21:02:21 : Configuration file created
2026-07-27 21:02:24 : Disabled cups.service
2026-07-27 21:02:25 : Disabled cups-browsed.service
2026-07-27 21:02:25 : Apple iMac Ultimate Pack installed
2026-07-27 21:09:20 : Starting performance optimization
2026-07-27 21:09:22 : Performance optimization completed
2026-07-27 21:09:22 : XFCE optimization completed
2026-07-27 21:09:38 : Configuration file created
2026-07-27 21:09:41 : Disabled cups.service
2026-07-27 21:09:43 : Disabled cups-browsed.service
2026-07-27 21:09:43 : Apple iMac Ultimate Pack installed
2026-07-27 21:17:18 : Starting performance optimization
2026-07-27 21:17:21 : Performance optimization completed
2026-07-27 21:17:21 : XFCE optimization completed
2026-07-27 21:17:51 : Configuration file created
2026-07-27 21:17:53 : Disabled cups.service
2026-07-27 21:17:55 : Disabled cups-browsed.service
2026-07-27 21:17:55 : Apple iMac Ultimate Pack installed
2026-07-27 21:31:17 : Firefox optimization applied.
2026-07-27 21:42:52 : Firefox user.js backed up.
2026-07-27 21:42:52 : Firefox optimization applied.
2026-07-28 20:25:57 : Firefox user.js backed up.
2026-07-28 20:25:57 : Firefox optimization applied.
2026-07-28 20:30:38 : Starting performance optimization
2026-07-28 20:30:41 : Performance optimization completed
2026-07-28 20:30:41 : XFCE optimization completed
2026-07-28 20:30:55 : Configuration file created
2026-07-28 20:30:58 : Disabled cups.service
2026-07-28 20:31:00 : Disabled cups-browsed.service
2026-07-28 20:31:00 : Firefox profile not found.
2026-07-28 20:31:00 : Apple iMac Ultimate Pack installed
2026-07-28 20:39:32 : Starting performance optimization
2026-07-28 20:39:35 : Performance optimization completed
2026-07-28 20:39:35 : XFCE optimization completed
2026-07-28 20:39:45 : Configuration file created
2026-07-28 20:39:48 : Disabled cups.service
2026-07-28 20:39:50 : Disabled cups-browsed.service
2026-07-28 20:39:50 : Firefox user.js backed up.
2026-07-28 20:39:50 : Firefox optimization applied.
2026-07-28 20:39:50 : Apple iMac Ultimate Pack installed
2026-07-28 20:45:35 : Desktop optimization completed.
2026-07-28 20:51:47 : Starting performance optimization
2026-07-28 20:51:50 : Performance optimization completed
2026-07-28 20:51:50 : XFCE optimization completed
2026-07-28 20:51:58 : Configuration file created
2026-07-28 20:52:01 : Disabled cups.service
2026-07-28 20:52:03 : Disabled cups-browsed.service
2026-07-28 20:52:03 : Firefox user.js backed up.
2026-07-28 20:52:03 : Firefox optimization applied.
2026-07-28 20:52:03 : Desktop optimization completed.
2026-07-28 20:52:03 : Apple iMac Ultimate Pack installed
